

Version:	3.50
CmdLine:	C:\Users\johnzhao\Desktop\Follow-up-period-wearing-calendar (5)\output\FollowUpCalendar.exe --l4j-debug
JNI:		No
WOW64:		Yes
Working dir:	C:\Users\johnzhao\Desktop\Follow-up-period-wearing-calendar (5)\output\.
Requires JDK:	No
Requires 64-Bit: Yes
Java min ver:	1.008.000
Java max ver:	
JRE paths:	jre
Check launcher:	C:\Users\johnzhao\Desktop\Follow-up-period-wearing-calendar (5)\output\jre\bin\javaw.exe (not found)
64-bit search:	SOFTWARE\JavaSoft\Java Runtime Environment...
64-bit search:	SOFTWARE\JavaSoft\Java Development Kit...
64-bit search:	SOFTWARE\JavaSoft\JRE...
64-bit search:	SOFTWARE\JavaSoft\JDK...
Check:		SOFTWARE\JavaSoft\JDK\25.0.4
Version string: 1.025.000_004 / 64-Bit (OK)
Check launcher:	C:\Program Files\Java\jdk-25.0.4\bin\javaw.exe (OK)
Match:		1.025.000_004
Runtime used:	1.025.000_004 (64-bit)
Launcher:	C:\Program Files\Java\jdk-25.0.4\bin\javaw.exe
Launcher args:	-jar "C:\Users\johnzhao\Desktop\Follow-up-period-wearing-calendar (5)\output\FollowUpCalendar.exe"
Args length:	98/32768 chars
Exit code:	0
